
 Start  Stop   Length Name               Class

 00000H 0FE5EH 0FE5FH _TEXT              CODE
 0FE60H 0FE60H 00000H _FARDATA           FAR_DATA
 0FE60H 0FE60H 00000H _FARBSS            FAR_BSS
 0FE60H 0FE60H 00000H _OVERLAY_          OVRINFO
 0FE60H 0FE60H 00000H _1STUB_            STUBSEG
 0FE60H 19E5FH 0A000H _DATA              DATA
 19E60H 19E61H 00002H _CVTSEG            DATA
 19E62H 19E67H 00006H _SCNSEG            DATA
 19E68H 19E68H 00000H _CONST             CONST
 19E68H 19E73H 0000CH _INIT_             INITDATA
 19E74H 19E74H 00000H _INITEND_          INITDATA
 19E74H 19E74H 00000H _EXIT_             EXITDATA
 19E74H 19E74H 00000H _EXITEND_          EXITDATA
 19E74H 19EC9H 00056H _BSS               BSS
 19ECAH 19ECAH 00000H _BSSEND            BSSEND
 19ED0H 19F4FH 00080H _STACK             STACK

  Address         Publics by Name

 0FE6:0000       DATASEG@
 0000:02BE       DGROUP@
 0000:E3AD       N_LXMUL@
 0000:32C3       _abnormalExit
 0000:02A9       _abort
 0000:4E85       _aboutFoxdisk
 0FE6:12F1       _aboutTitle
 0FE6:13DF       _about_str
 0000:1E50       _addWallPaper
 0FE6:6A7A       _ascii_table
 0000:7D42       _Asm_Sect_Cyl
 0000:E12D       _atexit
 0FE6:272A       _bankShift
 0FE6:2413       _bankSwitch
 0FE6:12B4       _bbg_color
 0000:2F00       _beg_load
 0FE6:1A87       _bg_curcolor
 0FE6:12B0       _bmsg_color
 0000:36FE       _bootAbExit
 0000:3077       _BootEntry
 0000:36FF       _bootMeun
 0000:336C       _bootOS
 0FE6:8B7E       _bootos_str
 0FE6:8B8B       _bootos_str1
 0FE6:8B9B       _bootos_str2
 0FE6:12AA       _bootStr
 0000:E9E7       _brk
 0FE6:2725       _bytesperline
 0FE6:2727       _bytesperpixel
 0000:36A9       _canBootOS
 0000:169A       _Check_Bmp
 0000:B2CF       _chgLine
 0000:A05C       _chgNavbar
 0000:682D       _ChkPartSurface
 0FE6:1479       _chkpart_str
 0000:D8E1       _ChkSysID
 0000:7849       _ChkValidLogicPartn
 0000:CFF6       _CHS_Access
 0000:DA19       _chs_CheckWDK
 0000:D9F4       _chs_ReadWDK
 0000:D2A4       _CHS_to_Sect
 0000:D9CF       _chs_WriteWDK
 0000:C404       _cirblock
 0000:C223       _circle
 0000:C4BE       _cirx
 0000:EDF6       _close
 0FE6:1ED1       _cntdown_over
 0FE6:13FD       _cntdown_str
 0FE6:1ECD       _cntdown_times
 0FE6:1EDB       _cntd_bcolor
 0FE6:1ED7       _cntd_color
 0FE6:1A89       _cntd_str
 0000:DE8B       _CopyMem
 0000:80E6       _countDown
 0FE6:1A8C       _cov_pci
 0000:3B63       _cpPIC2GM
 0000:D30E       _CreateDiskParaTable
 0000:620B       _CreateNewPartn
 0000:7412       _Create_Partn
 0FE6:1465       _creatpart_str
 0FE6:2728       _curBank
 0FE6:1A86       _curcolor
 0FE6:1A88       _cur_flag
 0000:AD39       _c_printf
 0000:AF1F       _c_scanf
 0000:ACCB       _c_strlen
 0000:ACE2       _c_strlen_ascii
 0000:ACFE       _c_strncmp
 0FE6:129F       _debug1
 0FE6:12A5       _debug2
 0000:64F8       _DeletePartn
 0FE6:1475       _delPartn_str
 0000:75FC       _Del_Partn
 0FE6:1EE3       _digits
 0000:16FE       _dirWallPaper
 0000:E11B       _disable1CH
 0000:CF92       _drv_CHS_DkCheck
 0000:CF4C       _drv_CHS_DkRead
 0000:CF6F       _drv_CHS_DkWrite
 0000:CEB1       _drv_DkClose
 0000:CC93       _drv_DkGetAttr
 0000:CE9F       _drv_DkOpen
 0000:CEC3       _drv_DkReset
 0000:CF31       _drv_LBA_DkCheck
 0000:CED6       _drv_LBA_DkRead
 0000:CEF1       _drv_LBA_DkWrite
 0000:E0EB       _enable1CH
 0000:E12C       _EndofCode
 0000:3077       _end_load
 0000:EE3A       _eof
 0FE6:0094       _errno
 0000:E1D7       _exit
 0000:897C       _exitParaSet
 0FE6:1433       _exitPara_str
 0000:4FB9       _exitSysRun
 0FE6:13E9       _exitSys_str
 0000:EEB1       _fclose
 0000:5464       _Fdisk
 0FE6:143B       _fdisk_str
 0000:EF2A       _fflush
 0000:F500       _fgetc
 0000:F5AB       _fgetchar
 0000:7D6A       _Fill_Sector
 0000:EFA7       _findfirst
 0000:EFDA       _findnext
 0000:780E       _Find_EXT
 0000:D725       _Find_Problem
 0000:DBD3       _Find_space
 0000:063B       _firstSetup
 0000:F007       _flushall
 0000:F1B2       _fopen
 0000:307B       _foxdisk
 0000:F7C5       _fputc
 0000:F8EC       _fputchar
 0000:F2A4       _fread
 0000:EA49       _free
 0000:F34C       _fseek
 0000:F3B0       _ftell
 0000:952C       _gear
 0FE6:8B9E       _gEndOfData
 0000:5199       _getCountOver
 0000:DA5D       _GetEnd
 0000:BD17       _getFONT
 0000:B4E8       _getKbin
 0000:CABA       _getModeInfo
 0FE6:241B       _getpalette
 0000:CBD9       _getpaletteVBE
 0000:CC4A       _getpaletteVGA
 0000:392E       _getPicRGB
 0FE6:241F       _getpixel
 0000:CA5D       _getpixel256
 0000:DA3E       _GetStart
 0000:CA9F       _getVBEInfo
 0000:CAF5       _getVBEMode
 0000:B87F       _getXCur
 0000:B883       _getYCur
 0000:D35A       _Get_Disk_Info
 0000:D619       _Get_Logic_Partn
 0000:DED2       _Get_nSector
 0FE6:1298       _gFoxdisk
 0FE6:27A0       _g_diskDrv
 0FE6:273C       _g_DTable
 0FE6:2776       _g_Info
 0FE6:185B       _g_SysName
 0000:4CDC       _helpList
 0FE6:12C1       _helpStr
 0FE6:12B8       _helpTitle
 0FE6:133C       _hideFun_str0
 0FE6:1344       _hideFun_str1
 0FE6:1353       _hideFun_str2
 0FE6:1368       _hideFun_str3
 0FE6:1397       _hideFun_str4
 0FE6:13C2       _hideFun_str5
 0000:40EE       _hideSysFun
 0FE6:8B7A       _hz24_count
 0FE6:6A72       _hzcount
 0FE6:27B4       _hzk16_table
 0FE6:6A74       _hzk24kcount
 0FE6:5FC0       _HZK24Ktable
 0FE6:8B7C       _hzk24_table
 0000:BD88       _iDelay
 0FE6:14BE       _ID_00
 0FE6:14C3       _ID_01
 0FE6:14CD       _ID_02
 0FE6:14D8       _ID_03
 0FE6:14E2       _ID_04
 0FE6:14F1       _ID_05
 0FE6:14FA       _ID_06
 0FE6:150A       _ID_07
 0FE6:1514       _ID_08
 0FE6:1518       _ID_09
 0FE6:1525       _ID_0A
 0FE6:1535       _ID_0B
 0FE6:153F       _ID_0C
 0FE6:154E       _ID_0E
 0FE6:155C       _ID_0F
 0FE6:156C       _ID_10
 0FE6:1571       _ID_12
 0FE6:1581       _ID_18
 0FE6:1591       _ID_20
 0FE6:15A1       _ID_24
 0FE6:15A8       _ID_39
 0FE6:15AE       _ID_3C
 0FE6:15BE       _ID_40
 0FE6:15CA       _ID_41
 0FE6:15D8       _ID_42
 0FE6:15DC       _ID_4D
 0FE6:15E3       _ID_4E
 0FE6:15F3       _ID_4F
 0FE6:1603       _ID_50
 0FE6:160E       _ID_51
 0FE6:161E       _ID_52
 0FE6:1623       _ID_53
 0FE6:1633       _ID_54
 0FE6:163F       _ID_55
 0FE6:1648       _ID_56
 0FE6:1653       _ID_5C
 0FE6:165F       _ID_61
 0FE6:1669       _ID_63
 0FE6:1672       _ID_64
 0FE6:1681       _ID_65
 0FE6:1690       _ID_70
 0FE6:16A0       _ID_75
 0FE6:16A6       _ID_80
 0FE6:16B0       _ID_81
 0FE6:16C0       _ID_82
 0FE6:16CB       _ID_83
 0FE6:16D8       _ID_84
 0FE6:16E7       _ID_85
 0FE6:16F6       _ID_86
 0FE6:1706       _ID_87
 0FE6:1716       _ID_8E
 0FE6:1720       _ID_93
 0FE6:1727       _ID_94
 0FE6:1732       _ID_9F
 0FE6:1739       _ID_A0
 0FE6:1749       _ID_A5
 0FE6:1751       _ID_A6
 0FE6:175A       _ID_A7
 0FE6:1763       _ID_A9
 0FE6:176A       _ID_B7
 0FE6:1772       _ID_B8
 0FE6:1845       _ID_BD
 0FE6:177C       _ID_C1
 0FE6:178A       _ID_C4
 0FE6:1798       _ID_C6
 0FE6:17A6       _ID_C7
 0FE6:17AD       _ID_DA
 0FE6:17B9       _ID_DB
 0FE6:17BE       _ID_DE
 0FE6:17CB       _ID_E1
 0FE6:17D6       _ID_E3
 0FE6:17DE       _ID_E4
 0FE6:17E8       _ID_EB
 0FE6:17F0       _ID_EE
 0FE6:17F8       _ID_EF
 0FE6:1808       _ID_F1
 0FE6:1812       _ID_F2
 0FE6:1820       _ID_F4
 0FE6:182A       _ID_FE
 0FE6:1833       _ID_FF
 0FE6:1840       _ID_FP
 0FE6:1850       _ID_NE
 0FE6:1837       _ID_UN
 0000:9363       _iFaceClr
 0000:8A9E       _iFacePic
 0FE6:1F43       _iFaceStr
 0FE6:1F84       _iFaceStr1
 0FE6:1F8E       _iFaceStr2
 0FE6:1F9C       _iFaceStr3
 0FE6:1FAA       _iFaceStr4
 0FE6:1FB6       _iFaceStr5
 0000:9010       _iFasceStr
 0FE6:1FCE       _iflag
 0FE6:1FC1       _ifoxdisk
 0FE6:129D       _iFoxVer
 0000:A171       _iItem
 0000:A1D3       _iItemSel
 0000:DFD7       _imemcmp
 0000:DFB2       _imemcpy
 0000:E006       _imemset
 0000:946C       _iMessage
 0000:511D       _InitCntDown
 0000:BD21       _initDisplay
 0000:30EF       _initEntry
 0000:C87B       _initGraphics
 0000:50D9       _InitIntRes
 0000:1152       _initKeyData
 0000:404A       _initSysMenu
 0000:D3F8       _Init_Fdisk
 0000:DDF1       _Ins_elem
 0000:D06A       _int13
 0000:D126       _int13ext
 0000:CB51       _intSetShowBegin
 0000:D096       _INT_13H
 0000:EA22       _ioctl
 0000:E25D       _isatty
 0000:A648       _iScrollBar
 0000:182F       _isFirSetup
 0000:D8B7       _IsHiddenID
 0000:D866       _IsHiddenPartn
 0000:D8A5       _IsHiddenWinID
 0000:7885       _IsLikeExtPartn
 0000:D879       _IsValid
 0000:D894       _Is_Extended
 0000:A2B4       _iWindowOut
 0000:A778       _iWindowSlide
 0FE6:1A69       _i_int_count
 0000:3294       _i_memcmp
 0FE6:1A6B       _i_number
 0FE6:1A76       _i_when
 0000:CFB5       _LBA_Access
 0000:BF56       _line
 0000:D9B2       _linear_ReadWDK
 0000:D995       _linear_WriteWDK
 0000:DF3B       _lintdiv
 0000:DF5B       _lintmod
 0000:DF22       _lintmul
 0000:DF96       _lintshl
 0000:DF7A       _lintshr
 0000:2494       _loadNewOS
 0000:E308       _lseek
 0000:02C2       _main
 0000:EB18       _malloc
 0FE6:272E       _maxpage
 0000:F5B4       _memcpy
 0FE6:00AA       _mircosoft
 0FE6:2621       _modeinfo
 0000:16DB       _MoveData
 0000:4B3B       _nameSysMenu
 0000:9C90       _navigationBar
 0FE6:1A65       _ofs_oldint
 0FE6:1A7F       _oldhour_min
 0FE6:272C       _oldMode
 0FE6:1A81       _old_sec
 0000:F5FE       _open
 0000:DDAC       _Out_of_ext
 0FE6:13F1       _paramenu_str
 0000:5D10       _partnFun
 0000:79A3       _Partn_Save_Process
 0FE6:1453       _part_fun
 0000:A8E2       _Pic_Wing
 0000:F797       _printf
 0000:B887       _putASCII
 0FE6:A016       _putHZ
 0000:B93C       _putHZ16
 0000:BA27       _putHZ24
 0FE6:241D       _putpixel
 0000:CA07       _putpixel256
 0000:BB80       _putStr
 0000:451A       _pwdSys
 0000:EC6F       _realloc
 0000:C0A3       _rectangle
 0000:C71F       _rectarc
 0000:C186       _rectblock
 0000:519D       _RelIntRes
 0000:792F       _ReloadLogicPartn
 0000:7786       _Remove_unused_partn
 0000:D2ED       _Reset_Disk
 0000:E09D       _retOldVect
 0000:721D       _SavePartn
 0FE6:1491       _savepart_str
 0000:7B5D       _Save_Extended
 0000:2DBB       _savFoxKeyData
 0000:31AA       _SavFoxPara
 0000:1419       _saviFoxPic
 0000:321F       _SavOSMsg
 0000:1257       _savWallPaper
 0000:E9F3       _sbrk
 0FE6:2732       _screenPtr
 0000:D223       _Sect_to_CHS
 0FE6:1A63       _seg_oldint
 0000:DB37       _Select_Sort
 0000:BD01       _selFONT
 0FE6:6A76       _selfont
 0FE6:A014       _selHZK
 0000:B937       _selHZK16
 0000:BB59       _selHZK24
 0000:BD54       _setBackGround
 0FE6:2417       _setbank
 0000:CB01       _setbankA
 0000:CB17       _setbankAB
 0000:B86E       _setCur
 0000:838C       _setDefOS
 0FE6:1411       _setdefos_str
 0FE6:149B       _setid_array
 0FE6:14B6       _setid_str
 0000:CB36       _SetLogicWidth
 0000:CAD8       _setmode
 0000:E05B       _setNewVect
 0FE6:2419       _setpalette
 0000:CBA4       _setpaletteVBE
 0000:CC0E       _setpaletteVGA
 0000:7DC9       _setParameter
 0000:65CA       _SetPartID
 0000:0484       _Setup
 0000:FB5A       _setvbuf
 0000:8650       _setWallPaper
 0FE6:141F       _setwallp_str
 0000:C9FC       _SetWriteMode
 0000:773E       _Set_Active_Partn
 0000:7C71       _Set_Partn_Field
 0000:7163       _showERROR
 0000:48BC       _sortSysMenu
 0000:DAEF       _Sort_Partn
 0000:FC4C       _sprintf
 0000:FC85       _strcat
 0000:FCBE       _strlen
 0000:BEB4       _SvgaSmoothOff
 0000:BDC4       _SvgaSmoothOn
 0000:424C       _SysFun
 0FE6:130A       _sysFun_Name
 0FE6:1328       _sysFun_Pwd
 0FE6:1316       _sysFun_Sort
 0FE6:1300       _sysFun_str
 0000:3BDA       _SysRun
 0FE6:2013       _sys_pal
 0FE6:1ECF       _time_rad
 0000:E48E       _unlink
 0000:1D99       _updateFox
 0000:1CE2       _updateMBR
 0000:1936       _updateSetup
 0000:2EDC       _upgradeFox
 0FE6:2421       _vbeinfo
 0FE6:2736       _VRAMStartX
 0FE6:2738       _VRAMStartY
 0000:FC69       _vsprintf
 0FE6:1FE0       _wing
 0FE6:273A       _WriteMode
 0000:79C3       _Write_Partn
 0FE6:2721       _xres
 0FE6:1EDF       _x_cur
 0FE6:2723       _yres
 0FE6:1EE1       _y_cur
 0000:1000  Abs  __AHINCR
 0000:000C  Abs  __AHSHIFT
 0FE6:9FEC       __argc
 0FE6:9FEE       __argv
 0FE6:9D6C       __atexitcnt
 0FE6:A018       __atexittbl
 0FE6:00A2       __brklvl
 0FE6:0084       __C0argc
 0FE6:0086       __C0argv
 0FE6:0088       __C0environ
 0000:E1F8       __cexit
 0000:0172       __checknull
 0000:EDDB       __chmod
 0000:015F       __cleanup
 0000:EE1C       __close
 0FE6:1ED3       __cntd_x
 0FE6:1ED5       __cntd_y
 0000:0000  Abs  __cvtfak
 0000:E206       __c_exit
 0FE6:9EE4       __doserrno
 0000:E24B       __DOSERROR
 0FE6:9EE6       __dosErrorToSV
 0000:E151       __dos_getfileattr
 0000:E16E       __dos_setfileattr
 0FE6:008A       __envLng
 0FE6:008C       __envseg
 0FE6:008E       __envSize
 0000:E1E6       __exit
 0FE6:9D6E       __exitbuf
 0FE6:9D70       __exitfopen
 0FE6:9D72       __exitopen
 0000:F4EF       __fgetc
 0FE6:9FE6       __first
 0FE6:9EDE       __fmode
 0000:F7AE       __fputc
 0000:F8FD       __FPUTN
 0000:F187       __GETFP
 0FE6:009E       __heapbase
 0FE6:9EE2       __heaplen
 0FE6:00A6       __heaptop
 0FE6:1A82       __hms_x
 0FE6:1A84       __hms_y
 0000:B386       __i2asc
 0FE6:0074       __Int0Vector
 0FE6:0078       __Int4Vector
 0FE6:007C       __Int5Vector
 0FE6:0080       __Int6Vector
 0000:52E6       __int_Clock
 0000:51E1       __int_countDown
 0000:53F5       __int_Cursor
 0000:E212       __IOERROR
 0000:B426       __l2asc
 0FE6:9FE8       __last
 0000:E26E       __LONGTOA
 0000:E331       __MKNAME
 0000:02C0       __MMODEL
 0000:F500       __Nfgetc
 0FE6:9EB4       __nfile
 0FE6:9EE0       __notUmask
 0000:F74A       __open
 0FE6:9EB6       __openfd
 0000:F0F3       __OPENFP
 0FE6:0092       __osmajor
 0FE6:0093       __osminor
 0FE6:0092       __osversion
 0FE6:0090       __psp
 0000:E3C4       __read
 0000:ECC0       __REALCVT
 0FE6:A000       __RealCvtVector
 0000:01EF       __restorezero
 0FE6:9FEA       __rover
 0FE6:A002       __ScanTodVector
 0000:0000  Abs  __setargv__
 0000:E3F1       __setupio
 0FE6:0096       __StartTime
 0FE6:9F4A       __stklen
 0000:E96F       __stpcpy
 0FE6:9D74       __streams
 0FE6:1A67       __sw_INT_
 0000:019A       __terminate
 0000:E36C       __TMPNAM
 0000:E2EB       __UTOA
 0FE6:0092       __version
 0000:E4BC       __VPRINTER
 0000:FDDE       __write
 0000:FE18       __xfclose
 0000:FE3E       __xfflush
 0000:E994       ___brk
 0FE6:009C       ___brklvl
 0FE6:009A       ___heapbase
 0000:FA92       ___read
 0000:E9B6       ___sbrk
 0000:FCD8       ___write

  Address         Publics by Value

 0000:0000  Abs  __setargv__
 0000:0000  Abs  __cvtfak
 0000:000C  Abs  __AHSHIFT
 0000:015F       __cleanup
 0000:0172       __checknull
 0000:019A       __terminate
 0000:01EF       __restorezero
 0000:02A9       _abort
 0000:02BE       DGROUP@
 0000:02C0       __MMODEL
 0000:02C2       _main
 0000:0484       _Setup
 0000:063B       _firstSetup
 0000:1000  Abs  __AHINCR
 0000:1152       _initKeyData
 0000:1257       _savWallPaper
 0000:1419       _saviFoxPic
 0000:169A       _Check_Bmp
 0000:16DB       _MoveData
 0000:16FE       _dirWallPaper
 0000:182F       _isFirSetup
 0000:1936       _updateSetup
 0000:1CE2       _updateMBR
 0000:1D99       _updateFox
 0000:1E50       _addWallPaper
 0000:2494       _loadNewOS
 0000:2DBB       _savFoxKeyData
 0000:2EDC       _upgradeFox
 0000:2F00       _beg_load
 0000:3077       _end_load
 0000:3077       _BootEntry
 0000:307B       _foxdisk
 0000:30EF       _initEntry
 0000:31AA       _SavFoxPara
 0000:321F       _SavOSMsg
 0000:3294       _i_memcmp
 0000:32C3       _abnormalExit
 0000:336C       _bootOS
 0000:36A9       _canBootOS
 0000:36FE       _bootAbExit
 0000:36FF       _bootMeun
 0000:392E       _getPicRGB
 0000:3B63       _cpPIC2GM
 0000:3BDA       _SysRun
 0000:404A       _initSysMenu
 0000:40EE       _hideSysFun
 0000:424C       _SysFun
 0000:451A       _pwdSys
 0000:48BC       _sortSysMenu
 0000:4B3B       _nameSysMenu
 0000:4CDC       _helpList
 0000:4E85       _aboutFoxdisk
 0000:4FB9       _exitSysRun
 0000:50D9       _InitIntRes
 0000:511D       _InitCntDown
 0000:5199       _getCountOver
 0000:519D       _RelIntRes
 0000:51E1       __int_countDown
 0000:52E6       __int_Clock
 0000:53F5       __int_Cursor
 0000:5464       _Fdisk
 0000:5D10       _partnFun
 0000:620B       _CreateNewPartn
 0000:64F8       _DeletePartn
 0000:65CA       _SetPartID
 0000:682D       _ChkPartSurface
 0000:7163       _showERROR
 0000:721D       _SavePartn
 0000:7412       _Create_Partn
 0000:75FC       _Del_Partn
 0000:773E       _Set_Active_Partn
 0000:7786       _Remove_unused_partn
 0000:780E       _Find_EXT
 0000:7849       _ChkValidLogicPartn
 0000:7885       _IsLikeExtPartn
 0000:792F       _ReloadLogicPartn
 0000:79A3       _Partn_Save_Process
 0000:79C3       _Write_Partn
 0000:7B5D       _Save_Extended
 0000:7C71       _Set_Partn_Field
 0000:7D42       _Asm_Sect_Cyl
 0000:7D6A       _Fill_Sector
 0000:7DC9       _setParameter
 0000:80E6       _countDown
 0000:838C       _setDefOS
 0000:8650       _setWallPaper
 0000:897C       _exitParaSet
 0000:8A9E       _iFacePic
 0000:9010       _iFasceStr
 0000:9363       _iFaceClr
 0000:946C       _iMessage
 0000:952C       _gear
 0000:9C90       _navigationBar
 0000:A05C       _chgNavbar
 0000:A171       _iItem
 0000:A1D3       _iItemSel
 0000:A2B4       _iWindowOut
 0000:A648       _iScrollBar
 0000:A778       _iWindowSlide
 0000:A8E2       _Pic_Wing
 0000:ACCB       _c_strlen
 0000:ACE2       _c_strlen_ascii
 0000:ACFE       _c_strncmp
 0000:AD39       _c_printf
 0000:AF1F       _c_scanf
 0000:B2CF       _chgLine
 0000:B386       __i2asc
 0000:B426       __l2asc
 0000:B4E8       _getKbin
 0000:B86E       _setCur
 0000:B87F       _getXCur
 0000:B883       _getYCur
 0000:B887       _putASCII
 0000:B937       _selHZK16
 0000:B93C       _putHZ16
 0000:BA27       _putHZ24
 0000:BB59       _selHZK24
 0000:BB80       _putStr
 0000:BD01       _selFONT
 0000:BD17       _getFONT
 0000:BD21       _initDisplay
 0000:BD54       _setBackGround
 0000:BD88       _iDelay
 0000:BDC4       _SvgaSmoothOn
 0000:BEB4       _SvgaSmoothOff
 0000:BF56       _line
 0000:C0A3       _rectangle
 0000:C186       _rectblock
 0000:C223       _circle
 0000:C404       _cirblock
 0000:C4BE       _cirx
 0000:C71F       _rectarc
 0000:C87B       _initGraphics
 0000:C9FC       _SetWriteMode
 0000:CA07       _putpixel256
 0000:CA5D       _getpixel256
 0000:CA9F       _getVBEInfo
 0000:CABA       _getModeInfo
 0000:CAD8       _setmode
 0000:CAF5       _getVBEMode
 0000:CB01       _setbankA
 0000:CB17       _setbankAB
 0000:CB36       _SetLogicWidth
 0000:CB51       _intSetShowBegin
 0000:CBA4       _setpaletteVBE
 0000:CBD9       _getpaletteVBE
 0000:CC0E       _setpaletteVGA
 0000:CC4A       _getpaletteVGA
 0000:CC93       _drv_DkGetAttr
 0000:CE9F       _drv_DkOpen
 0000:CEB1       _drv_DkClose
 0000:CEC3       _drv_DkReset
 0000:CED6       _drv_LBA_DkRead
 0000:CEF1       _drv_LBA_DkWrite
 0000:CF31       _drv_LBA_DkCheck
 0000:CF4C       _drv_CHS_DkRead
 0000:CF6F       _drv_CHS_DkWrite
 0000:CF92       _drv_CHS_DkCheck
 0000:CFB5       _LBA_Access
 0000:CFF6       _CHS_Access
 0000:D06A       _int13
 0000:D096       _INT_13H
 0000:D126       _int13ext
 0000:D223       _Sect_to_CHS
 0000:D2A4       _CHS_to_Sect
 0000:D2ED       _Reset_Disk
 0000:D30E       _CreateDiskParaTable
 0000:D35A       _Get_Disk_Info
 0000:D3F8       _Init_Fdisk
 0000:D619       _Get_Logic_Partn
 0000:D725       _Find_Problem
 0000:D866       _IsHiddenPartn
 0000:D879       _IsValid
 0000:D894       _Is_Extended
 0000:D8A5       _IsHiddenWinID
 0000:D8B7       _IsHiddenID
 0000:D8E1       _ChkSysID
 0000:D995       _linear_WriteWDK
 0000:D9B2       _linear_ReadWDK
 0000:D9CF       _chs_WriteWDK
 0000:D9F4       _chs_ReadWDK
 0000:DA19       _chs_CheckWDK
 0000:DA3E       _GetStart
 0000:DA5D       _GetEnd
 0000:DAEF       _Sort_Partn
 0000:DB37       _Select_Sort
 0000:DBD3       _Find_space
 0000:DDAC       _Out_of_ext
 0000:DDF1       _Ins_elem
 0000:DE8B       _CopyMem
 0000:DED2       _Get_nSector
 0000:DF22       _lintmul
 0000:DF3B       _lintdiv
 0000:DF5B       _lintmod
 0000:DF7A       _lintshr
 0000:DF96       _lintshl
 0000:DFB2       _imemcpy
 0000:DFD7       _imemcmp
 0000:E006       _imemset
 0000:E05B       _setNewVect
 0000:E09D       _retOldVect
 0000:E0EB       _enable1CH
 0000:E11B       _disable1CH
 0000:E12C       _EndofCode
 0000:E12D       _atexit
 0000:E151       __dos_getfileattr
 0000:E16E       __dos_setfileattr
 0000:E1D7       _exit
 0000:E1E6       __exit
 0000:E1F8       __cexit
 0000:E206       __c_exit
 0000:E212       __IOERROR
 0000:E24B       __DOSERROR
 0000:E25D       _isatty
 0000:E26E       __LONGTOA
 0000:E2EB       __UTOA
 0000:E308       _lseek
 0000:E331       __MKNAME
 0000:E36C       __TMPNAM
 0000:E3AD       N_LXMUL@
 0000:E3C4       __read
 0000:E3F1       __setupio
 0000:E48E       _unlink
 0000:E4BC       __VPRINTER
 0000:E96F       __stpcpy
 0000:E994       ___brk
 0000:E9B6       ___sbrk
 0000:E9E7       _brk
 0000:E9F3       _sbrk
 0000:EA22       _ioctl
 0000:EA49       _free
 0000:EB18       _malloc
 0000:EC6F       _realloc
 0000:ECC0       __REALCVT
 0000:EDDB       __chmod
 0000:EDF6       _close
 0000:EE1C       __close
 0000:EE3A       _eof
 0000:EEB1       _fclose
 0000:EF2A       _fflush
 0000:EFA7       _findfirst
 0000:EFDA       _findnext
 0000:F007       _flushall
 0000:F0F3       __OPENFP
 0000:F187       __GETFP
 0000:F1B2       _fopen
 0000:F2A4       _fread
 0000:F34C       _fseek
 0000:F3B0       _ftell
 0000:F4EF       __fgetc
 0000:F500       __Nfgetc
 0000:F500       _fgetc
 0000:F5AB       _fgetchar
 0000:F5B4       _memcpy
 0000:F5FE       _open
 0000:F74A       __open
 0000:F797       _printf
 0000:F7AE       __fputc
 0000:F7C5       _fputc
 0000:F8EC       _fputchar
 0000:F8FD       __FPUTN
 0000:FA92       ___read
 0000:FB5A       _setvbuf
 0000:FC4C       _sprintf
 0000:FC69       _vsprintf
 0000:FC85       _strcat
 0000:FCBE       _strlen
 0000:FCD8       ___write
 0000:FDDE       __write
 0000:FE18       __xfclose
 0000:FE3E       __xfflush
 0FE6:0000       DATASEG@
 0FE6:0074       __Int0Vector
 0FE6:0078       __Int4Vector
 0FE6:007C       __Int5Vector
 0FE6:0080       __Int6Vector
 0FE6:0084       __C0argc
 0FE6:0086       __C0argv
 0FE6:0088       __C0environ
 0FE6:008A       __envLng
 0FE6:008C       __envseg
 0FE6:008E       __envSize
 0FE6:0090       __psp
 0FE6:0092       __osversion
 0FE6:0092       __osmajor
 0FE6:0092       __version
 0FE6:0093       __osminor
 0FE6:0094       _errno
 0FE6:0096       __StartTime
 0FE6:009A       ___heapbase
 0FE6:009C       ___brklvl
 0FE6:009E       __heapbase
 0FE6:00A2       __brklvl
 0FE6:00A6       __heaptop
 0FE6:00AA       _mircosoft
 0FE6:1298       _gFoxdisk
 0FE6:129D       _iFoxVer
 0FE6:129F       _debug1
 0FE6:12A5       _debug2
 0FE6:12AA       _bootStr
 0FE6:12B0       _bmsg_color
 0FE6:12B4       _bbg_color
 0FE6:12B8       _helpTitle
 0FE6:12C1       _helpStr
 0FE6:12F1       _aboutTitle
 0FE6:1300       _sysFun_str
 0FE6:130A       _sysFun_Name
 0FE6:1316       _sysFun_Sort
 0FE6:1328       _sysFun_Pwd
 0FE6:133C       _hideFun_str0
 0FE6:1344       _hideFun_str1
 0FE6:1353       _hideFun_str2
 0FE6:1368       _hideFun_str3
 0FE6:1397       _hideFun_str4
 0FE6:13C2       _hideFun_str5
 0FE6:13DF       _about_str
 0FE6:13E9       _exitSys_str
 0FE6:13F1       _paramenu_str
 0FE6:13FD       _cntdown_str
 0FE6:1411       _setdefos_str
 0FE6:141F       _setwallp_str
 0FE6:1433       _exitPara_str
 0FE6:143B       _fdisk_str
 0FE6:1453       _part_fun
 0FE6:1465       _creatpart_str
 0FE6:1475       _delPartn_str
 0FE6:1479       _chkpart_str
 0FE6:1491       _savepart_str
 0FE6:149B       _setid_array
 0FE6:14B6       _setid_str
 0FE6:14BE       _ID_00
 0FE6:14C3       _ID_01
 0FE6:14CD       _ID_02
 0FE6:14D8       _ID_03
 0FE6:14E2       _ID_04
 0FE6:14F1       _ID_05
 0FE6:14FA       _ID_06
 0FE6:150A       _ID_07
 0FE6:1514       _ID_08
 0FE6:1518       _ID_09
 0FE6:1525       _ID_0A
 0FE6:1535       _ID_0B
 0FE6:153F       _ID_0C
 0FE6:154E       _ID_0E
 0FE6:155C       _ID_0F
 0FE6:156C       _ID_10
 0FE6:1571       _ID_12
 0FE6:1581       _ID_18
 0FE6:1591       _ID_20
 0FE6:15A1       _ID_24
 0FE6:15A8       _ID_39
 0FE6:15AE       _ID_3C
 0FE6:15BE       _ID_40
 0FE6:15CA       _ID_41
 0FE6:15D8       _ID_42
 0FE6:15DC       _ID_4D
 0FE6:15E3       _ID_4E
 0FE6:15F3       _ID_4F
 0FE6:1603       _ID_50
 0FE6:160E       _ID_51
 0FE6:161E       _ID_52
 0FE6:1623       _ID_53
 0FE6:1633       _ID_54
 0FE6:163F       _ID_55
 0FE6:1648       _ID_56
 0FE6:1653       _ID_5C
 0FE6:165F       _ID_61
 0FE6:1669       _ID_63
 0FE6:1672       _ID_64
 0FE6:1681       _ID_65
 0FE6:1690       _ID_70
 0FE6:16A0       _ID_75
 0FE6:16A6       _ID_80
 0FE6:16B0       _ID_81
 0FE6:16C0       _ID_82
 0FE6:16CB       _ID_83
 0FE6:16D8       _ID_84
 0FE6:16E7       _ID_85
 0FE6:16F6       _ID_86
 0FE6:1706       _ID_87
 0FE6:1716       _ID_8E
 0FE6:1720       _ID_93
 0FE6:1727       _ID_94
 0FE6:1732       _ID_9F
 0FE6:1739       _ID_A0
 0FE6:1749       _ID_A5
 0FE6:1751       _ID_A6
 0FE6:175A       _ID_A7
 0FE6:1763       _ID_A9
 0FE6:176A       _ID_B7
 0FE6:1772       _ID_B8
 0FE6:177C       _ID_C1
 0FE6:178A       _ID_C4
 0FE6:1798       _ID_C6
 0FE6:17A6       _ID_C7
 0FE6:17AD       _ID_DA
 0FE6:17B9       _ID_DB
 0FE6:17BE       _ID_DE
 0FE6:17CB       _ID_E1
 0FE6:17D6       _ID_E3
 0FE6:17DE       _ID_E4
 0FE6:17E8       _ID_EB
 0FE6:17F0       _ID_EE
 0FE6:17F8       _ID_EF
 0FE6:1808       _ID_F1
 0FE6:1812       _ID_F2
 0FE6:1820       _ID_F4
 0FE6:182A       _ID_FE
 0FE6:1833       _ID_FF
 0FE6:1837       _ID_UN
 0FE6:1840       _ID_FP
 0FE6:1845       _ID_BD
 0FE6:1850       _ID_NE
 0FE6:185B       _g_SysName
 0FE6:1A63       _seg_oldint
 0FE6:1A65       _ofs_oldint
 0FE6:1A67       __sw_INT_
 0FE6:1A69       _i_int_count
 0FE6:1A6B       _i_number
 0FE6:1A76       _i_when
 0FE6:1A7F       _oldhour_min
 0FE6:1A81       _old_sec
 0FE6:1A82       __hms_x
 0FE6:1A84       __hms_y
 0FE6:1A86       _curcolor
 0FE6:1A87       _bg_curcolor
 0FE6:1A88       _cur_flag
 0FE6:1A89       _cntd_str
 0FE6:1A8C       _cov_pci
 0FE6:1ECD       _cntdown_times
 0FE6:1ECF       _time_rad
 0FE6:1ED1       _cntdown_over
 0FE6:1ED3       __cntd_x
 0FE6:1ED5       __cntd_y
 0FE6:1ED7       _cntd_color
 0FE6:1EDB       _cntd_bcolor
 0FE6:1EDF       _x_cur
 0FE6:1EE1       _y_cur
 0FE6:1EE3       _digits
 0FE6:1F43       _iFaceStr
 0FE6:1F84       _iFaceStr1
 0FE6:1F8E       _iFaceStr2
 0FE6:1F9C       _iFaceStr3
 0FE6:1FAA       _iFaceStr4
 0FE6:1FB6       _iFaceStr5
 0FE6:1FC1       _ifoxdisk
 0FE6:1FCE       _iflag
 0FE6:1FE0       _wing
 0FE6:2013       _sys_pal
 0FE6:2413       _bankSwitch
 0FE6:2417       _setbank
 0FE6:2419       _setpalette
 0FE6:241B       _getpalette
 0FE6:241D       _putpixel
 0FE6:241F       _getpixel
 0FE6:2421       _vbeinfo
 0FE6:2621       _modeinfo
 0FE6:2721       _xres
 0FE6:2723       _yres
 0FE6:2725       _bytesperline
 0FE6:2727       _bytesperpixel
 0FE6:2728       _curBank
 0FE6:272A       _bankShift
 0FE6:272C       _oldMode
 0FE6:272E       _maxpage
 0FE6:2732       _screenPtr
 0FE6:2736       _VRAMStartX
 0FE6:2738       _VRAMStartY
 0FE6:273A       _WriteMode
 0FE6:273C       _g_DTable
 0FE6:2776       _g_Info
 0FE6:27A0       _g_diskDrv
 0FE6:27B4       _hzk16_table
 0FE6:5FC0       _HZK24Ktable
 0FE6:6A72       _hzcount
 0FE6:6A74       _hzk24kcount
 0FE6:6A76       _selfont
 0FE6:6A7A       _ascii_table
 0FE6:8B7A       _hz24_count
 0FE6:8B7C       _hzk24_table
 0FE6:8B7E       _bootos_str
 0FE6:8B8B       _bootos_str1
 0FE6:8B9B       _bootos_str2
 0FE6:8B9E       _gEndOfData
 0FE6:9D6C       __atexitcnt
 0FE6:9D6E       __exitbuf
 0FE6:9D70       __exitfopen
 0FE6:9D72       __exitopen
 0FE6:9D74       __streams
 0FE6:9EB4       __nfile
 0FE6:9EB6       __openfd
 0FE6:9EDE       __fmode
 0FE6:9EE0       __notUmask
 0FE6:9EE2       __heaplen
 0FE6:9EE4       __doserrno
 0FE6:9EE6       __dosErrorToSV
 0FE6:9F4A       __stklen
 0FE6:9FE6       __first
 0FE6:9FE8       __last
 0FE6:9FEA       __rover
 0FE6:9FEC       __argc
 0FE6:9FEE       __argv
 0FE6:A000       __RealCvtVector
 0FE6:A002       __ScanTodVector
 0FE6:A014       _selHZK
 0FE6:A016       _putHZ
 0FE6:A018       __atexittbl

Program entry point at 0000:0000

